===============
structural-mean
===============
1.373295E+07   
===============