lon,lat,SA(0.1)~0.1,SA(0.1)~0.02,SA(0.2)~0.1,SA(0.2)~0.02,SA(0.5)~0.1,SA(0.5)~0.02
-3.255087E-01,2.561541E-02,3.791402E-01,6.419970E-01,4.272981E-01,7.300797E-01,2.303582E-01,4.066379E-01
-3.254655E-01,-6.488758E-01,5.587606E-01,1.011248E+00,6.231418E-01,1.148646E+00,3.325785E-01,6.440178E-01
-3.253289E-01,-1.323367E+00,6.137447E-02,9.615871E-02,8.057545E-02,1.246357E-01,5.797402E-02,9.008788E-02
3.489825E-01,2.561541E-02,2.172353E-01,3.419138E-01,2.500336E-01,3.980609E-01,1.417185E-01,2.257793E-01
3.490689E-01,-6.488758E-01,4.438854E-01,7.795699E-01,4.960940E-01,8.677524E-01,2.601128E-01,4.642004E-01
3.493423E-01,-1.323367E+00,6.327432E-02,1.030458E-01,8.176709E-02,1.303584E-01,5.766469E-02,9.110138E-02
