asset_ref,taxonomy,lon,lat,structural-mean,structural-stddev
a1,RM,8.12985E+01,2.91098E+01,1.39581E+02,5.71861E+01
a2,RC,8.30823E+01,2.79006E+01,2.02863E+02,2.39137E+02
a4,W,8.57470E+01,2.79000E+01,0.00000E+00,0.00000E+00
a3,W,8.57477E+01,2.79015E+01,2.52658E+02,2.68021E+02
