========= ======== ============ ============ ============ ==============
asset_ref taxonomy lon          lat          structural   structural_ins
========= ======== ============ ============ ============ ==============
a0        RM       8.129850E+01 2.910980E+01 3.368700E+02 9.859260E+01  
a1        RC       8.308230E+01 2.790060E+01 7.164881E+01 0.000000E+00  
a2        W        8.574770E+01 2.790150E+01 1.719650E+02 1.036834E+02  
a3        RM       8.574770E+01 2.790150E+01 2.281897E+02 0.000000E+00  
========= ======== ============ ============ ============ ==============