<?xml version="1.0" encoding="utf-8"?>
<nrml
xmlns="http://openquake.org/xmlns/nrml/0.5"
xmlns:gml="http://www.opengis.net/gml"
>
    <dmgDistPerAsset>
        <damageStates>
            no_damage LS1 LS2
        </damageStates>
        <DDNode>
            <gml:Point>
                <gml:pos>
                    15.48000 38.09000
                </gml:pos>
            </gml:Point>
            <asset
            assetRef="a1"
            >
                <damage ds="no_damage" mean="6.73252E+02" stddev="6.61953E+02"/>
                <damage ds="LS1" mean="1.39693E+03" stddev="4.10783E+02"/>
                <damage ds="LS2" mean="9.29815E+02" stddev="7.40532E+02"/>
            </asset>
        </DDNode>
        <DDNode>
            <gml:Point>
                <gml:pos>
                    15.48000 38.25000
                </gml:pos>
            </gml:Point>
            <asset
            assetRef="a3"
            >
                <damage ds="no_damage" mean="5.05400E+01" stddev="7.07990E+01"/>
                <damage ds="LS1" mean="3.59777E+02" stddev="1.62489E+02"/>
                <damage ds="LS2" mean="5.89683E+02" stddev="2.21159E+02"/>
            </asset>
        </DDNode>
        <DDNode>
            <gml:Point>
                <gml:pos>
                    15.56000 38.17000
                </gml:pos>
            </gml:Point>
            <asset
            assetRef="a2"
            >
                <damage ds="no_damage" mean="9.98633E+02" stddev="4.91484E+02"/>
                <damage ds="LS1" mean="7.20007E+02" stddev="2.49635E+02"/>
                <damage ds="LS2" mean="2.81360E+02" stddev="2.50646E+02"/>
            </asset>
        </DDNode>
    </dmgDistPerAsset>
</nrml>
