<?xml version="1.0" encoding="utf-8"?>
<nrml
xmlns="http://openquake.org/xmlns/nrml/0.5"
xmlns:gml="http://www.opengis.net/gml"
>
    <dmgDistPerAsset>
        <damageStates>
            no_damage slight moderate extreme complete
        </damageStates>
        <DDNode>
            <gml:Point>
                <gml:pos>
                    81.13882 28.41117
                </gml:pos>
            </gml:Point>
            <asset
            assetRef="a4351"
            >
                <damage ds="no_damage" mean="3.66200E+03" stddev="0.00000E+00"/>
                <damage ds="slight" mean="0.00000E+00" stddev="0.00000E+00"/>
                <damage ds="moderate" mean="0.00000E+00" stddev="0.00000E+00"/>
                <damage ds="extreme" mean="0.00000E+00" stddev="0.00000E+00"/>
                <damage ds="complete" mean="0.00000E+00" stddev="0.00000E+00"/>
            </asset>
        </DDNode>
        <DDNode>
            <gml:Point>
                <gml:pos>
                    81.21382 28.71117
                </gml:pos>
            </gml:Point>
            <asset
            assetRef="a395"
            >
                <damage ds="no_damage" mean="1.80000E+01" stddev="0.00000E+00"/>
                <damage ds="slight" mean="0.00000E+00" stddev="0.00000E+00"/>
                <damage ds="moderate" mean="0.00000E+00" stddev="0.00000E+00"/>
                <damage ds="extreme" mean="0.00000E+00" stddev="0.00000E+00"/>
                <damage ds="complete" mean="0.00000E+00" stddev="0.00000E+00"/>
            </asset>
        </DDNode>
        <DDNode>
            <gml:Point>
                <gml:pos>
                    81.21382 29.98617
                </gml:pos>
            </gml:Point>
            <asset
            assetRef="a7180"
            >
                <damage ds="no_damage" mean="3.90000E+01" stddev="0.00000E+00"/>
                <damage ds="slight" mean="0.00000E+00" stddev="0.00000E+00"/>
                <damage ds="moderate" mean="0.00000E+00" stddev="0.00000E+00"/>
                <damage ds="extreme" mean="0.00000E+00" stddev="0.00000E+00"/>
                <damage ds="complete" mean="0.00000E+00" stddev="0.00000E+00"/>
            </asset>
        </DDNode>
        <DDNode>
            <gml:Point>
                <gml:pos>
                    81.96382 27.96117
                </gml:pos>
            </gml:Point>
            <asset
            assetRef="a2925"
            >
                <damage ds="no_damage" mean="1.30000E+02" stddev="0.00000E+00"/>
                <damage ds="slight" mean="0.00000E+00" stddev="0.00000E+00"/>
                <damage ds="moderate" mean="0.00000E+00" stddev="0.00000E+00"/>
                <damage ds="extreme" mean="0.00000E+00" stddev="0.00000E+00"/>
                <damage ds="complete" mean="0.00000E+00" stddev="0.00000E+00"/>
            </asset>
        </DDNode>
        <DDNode>
            <gml:Point>
                <gml:pos>
                    81.96382 28.56117
                </gml:pos>
            </gml:Point>
            <asset
            assetRef="a3518"
            >
                <damage ds="no_damage" mean="5.93000E+02" stddev="0.00000E+00"/>
                <damage ds="slight" mean="0.00000E+00" stddev="0.00000E+00"/>
                <damage ds="moderate" mean="0.00000E+00" stddev="0.00000E+00"/>
                <damage ds="extreme" mean="0.00000E+00" stddev="0.00000E+00"/>
                <damage ds="complete" mean="0.00000E+00" stddev="0.00000E+00"/>
            </asset>
        </DDNode>
        <DDNode>
            <gml:Point>
                <gml:pos>
                    82.78882 29.46117
                </gml:pos>
            </gml:Point>
            <asset
            assetRef="a2544"
            >
                <damage ds="no_damage" mean="2.90000E+01" stddev="0.00000E+00"/>
                <damage ds="slight" mean="0.00000E+00" stddev="0.00000E+00"/>
                <damage ds="moderate" mean="0.00000E+00" stddev="0.00000E+00"/>
                <damage ds="extreme" mean="0.00000E+00" stddev="0.00000E+00"/>
                <damage ds="complete" mean="0.00000E+00" stddev="0.00000E+00"/>
            </asset>
        </DDNode>
        <DDNode>
            <gml:Point>
                <gml:pos>
                    83.23882 28.11117
                </gml:pos>
            </gml:Point>
            <asset
            assetRef="a4102"
            >
                <damage ds="no_damage" mean="9.81278E+02" stddev="5.24575E+02"/>
                <damage ds="slight" mean="1.53885E+02" stddev="7.84114E+01"/>
                <damage ds="moderate" mean="2.78718E+02" stddev="1.42577E+02"/>
                <damage ds="extreme" mean="2.03740E+02" stddev="1.15599E+02"/>
                <damage ds="complete" mean="2.62380E+02" stddev="2.37383E+02"/>
            </asset>
        </DDNode>
        <DDNode>
            <gml:Point>
                <gml:pos>
                    83.46382 28.93617
                </gml:pos>
            </gml:Point>
            <asset
            assetRef="a125"
            >
                <damage ds="no_damage" mean="3.20935E+00" stddev="1.79755E-01"/>
                <damage ds="slight" mean="4.68066E-01" stddev="1.06415E-01"/>
                <damage ds="moderate" mean="2.57753E-01" stddev="5.86002E-02"/>
                <damage ds="extreme" mean="5.37644E-02" stddev="1.22234E-02"/>
                <damage ds="complete" mean="1.10691E-02" stddev="2.51657E-03"/>
            </asset>
        </DDNode>
        <DDNode>
            <gml:Point>
                <gml:pos>
                    83.91382 29.31117
                </gml:pos>
            </gml:Point>
            <asset
            assetRef="a4498"
            >
                <damage ds="no_damage" mean="7.93256E-01" stddev="1.14642E-01"/>
                <damage ds="slight" mean="4.33149E-02" stddev="2.40186E-02"/>
                <damage ds="moderate" mean="7.12699E-02" stddev="3.95199E-02"/>
                <damage ds="extreme" mean="4.66941E-02" stddev="2.58924E-02"/>
                <damage ds="complete" mean="4.54653E-02" stddev="2.52110E-02"/>
            </asset>
        </DDNode>
        <DDNode>
            <gml:Point>
                <gml:pos>
                    85.26382 27.36117
                </gml:pos>
            </gml:Point>
            <asset
            assetRef="a8309"
            >
                <damage ds="no_damage" mean="1.88333E+02" stddev="1.35647E+02"/>
                <damage ds="slight" mean="1.28893E+02" stddev="4.06967E+01"/>
                <damage ds="moderate" mean="1.56711E+02" stddev="3.09701E+01"/>
                <damage ds="extreme" mean="1.02545E+02" stddev="3.40323E+01"/>
                <damage ds="complete" mean="1.38519E+02" stddev="1.06089E+02"/>
            </asset>
        </DDNode>
        <DDNode>
            <gml:Point>
                <gml:pos>
                    87.58882 27.43617
                </gml:pos>
            </gml:Point>
            <asset
            assetRef="a5229"
            >
                <damage ds="no_damage" mean="4.40000E+01" stddev="0.00000E+00"/>
                <damage ds="slight" mean="0.00000E+00" stddev="0.00000E+00"/>
                <damage ds="moderate" mean="0.00000E+00" stddev="0.00000E+00"/>
                <damage ds="extreme" mean="0.00000E+00" stddev="0.00000E+00"/>
                <damage ds="complete" mean="0.00000E+00" stddev="0.00000E+00"/>
            </asset>
        </DDNode>
    </dmgDistPerAsset>
</nrml>
