<?xml version="1.0" encoding="utf-8"?>
<nrml
xmlns="http://openquake.org/xmlns/nrml/0.5"
xmlns:gml="http://www.opengis.net/gml"
>
    <dmgDistPerTaxonomy>
        <damageStates>
            no_damage slight moderate extreme complete
        </damageStates>
        <DDNode>
            <taxonomy>
                A
            </taxonomy>
            <damage ds="no_damage" mean="5.3952778E+03" stddev="5.2457489E+02"/>
            <damage ds="slight" mean="1.5388469E+02" stddev="7.8411377E+01"/>
            <damage ds="moderate" mean="2.7871814E+02" stddev="1.4257669E+02"/>
            <damage ds="extreme" mean="2.0373993E+02" stddev="1.1559929E+02"/>
            <damage ds="complete" mean="2.6237952E+02" stddev="2.3738278E+02"/>
        </DDNode>
        <DDNode>
            <taxonomy>
                DS
            </taxonomy>
            <damage ds="no_damage" mean="4.4793255E+01" stddev="1.1464182E-01"/>
            <damage ds="slight" mean="4.3314889E-02" stddev="2.4018569E-02"/>
            <damage ds="moderate" mean="7.1269885E-02" stddev="3.9519913E-02"/>
            <damage ds="extreme" mean="4.6694063E-02" stddev="2.5892356E-02"/>
            <damage ds="complete" mean="4.5465272E-02" stddev="2.5210978E-02"/>
        </DDNode>
        <DDNode>
            <taxonomy>
                UFB
            </taxonomy>
            <damage ds="no_damage" mean="2.2733337E+02" stddev="1.3564674E+02"/>
            <damage ds="slight" mean="1.2889258E+02" stddev="4.0696701E+01"/>
            <damage ds="moderate" mean="1.5671054E+02" stddev="3.0970058E+01"/>
            <damage ds="extreme" mean="1.0254483E+02" stddev="3.4032307E+01"/>
            <damage ds="complete" mean="1.3851868E+02" stddev="1.0608900E+02"/>
        </DDNode>
        <DDNode>
            <taxonomy>
                W
            </taxonomy>
            <damage ds="no_damage" mean="2.1209347E+01" stddev="1.7975512E-01"/>
            <damage ds="slight" mean="4.6806648E-01" stddev="1.0641503E-01"/>
            <damage ds="moderate" mean="2.5775284E-01" stddev="5.8600169E-02"/>
            <damage ds="extreme" mean="5.3764392E-02" stddev="1.2223348E-02"/>
            <damage ds="complete" mean="1.1069139E-02" stddev="2.5165717E-03"/>
        </DDNode>
    </dmgDistPerTaxonomy>
</nrml>
