lon lat,PGA
0.00000 0.00000,5.4706199E-01 2.1172645E-02 1.9998000E-04
