lon,lat,poe~0.01-PGA,poe~0.01-SA(0.1),poe~0.1-PGA,poe~0.1-SA(0.1),poe~0.2-PGA,poe~0.2-SA(0.1)
-1.000000E-01,0.000000E+00,2.000000E-01,8.000000E-01,2.000000E-01,8.000000E-01,2.000000E-01,6.835696E-01
0.000000E+00,0.000000E+00,2.000000E-01,8.000000E-01,2.000000E-01,6.670024E-01,2.000000E-01,4.285911E-01
1.000000E-01,0.000000E+00,2.000000E-01,8.000000E-01,2.000000E-01,8.000000E-01,2.000000E-01,6.735378E-01
