lon lat,PGA
0.00000 0.00000,4.8658288E-01 0.0000000E+00 0.0000000E+00
