0.00000 0.00000,0.0000000E+00 0.0000000E+00 0.0000000E+00
lon lat,PGA
