<?xml version="1.0" encoding="utf-8"?>
<nrml
xmlns="http://openquake.org/xmlns/nrml/0.5"
xmlns:gml="http://www.opengis.net/gml"
>
    <lossMap
    gsimTreePath="b1"
    investigationTime="10000.0"
    lossType="occupants"
    poE="0.02"
    riskInvestigationTime="1.0"
    sourceModelTreePath="b1"
    unit="people"
    >
        <node>
            <gml:Point>
                <gml:pos>
                    -122.57 38.113
                </gml:pos>
            </gml:Point>
            <loss assetRef="a3" value="0.000611797"/>
        </node>
        <node>
            <gml:Point>
                <gml:pos>
                    -122.114 38.113
                </gml:pos>
            </gml:Point>
            <loss assetRef="a2" value="0.000961427"/>
        </node>
        <node>
            <gml:Point>
                <gml:pos>
                    -122.0 37.91
                </gml:pos>
            </gml:Point>
            <loss assetRef="a5" value="0.000836125"/>
        </node>
        <node>
            <gml:Point>
                <gml:pos>
                    -122.0 38.0
                </gml:pos>
            </gml:Point>
            <loss assetRef="a4" value="0.00123616"/>
        </node>
        <node>
            <gml:Point>
                <gml:pos>
                    -122.0 38.113
                </gml:pos>
            </gml:Point>
            <loss assetRef="a1" value="0.00224547"/>
        </node>
        <node>
            <gml:Point>
                <gml:pos>
                    -122.0 38.225
                </gml:pos>
            </gml:Point>
            <loss assetRef="a6" value="0.00118631"/>
        </node>
        <node>
            <gml:Point>
                <gml:pos>
                    -121.886 38.113
                </gml:pos>
            </gml:Point>
            <loss assetRef="a7" value="0.000916609"/>
        </node>
    </lossMap>
</nrml>
