LossType,Unit,Mean,Standard Deviation
structural,USD,2.2359580E+03,2.2138987E+03
