asset_ref,taxonomy,lon,lat,business_interruption,contents,nonstructural,occupants,structural,business_interruption_ins,contents_ins,nonstructural_ins,occupants_ins,structural_ins
a3,tax1,-1.225700E+02,3.811300E+01,4.638022E+01,2.432589E+02,3.648884E+02,9.276044E-04,0.000000E+00,1.400000E+00,1.400000E+00,1.400000E+00,0.000000E+00,0.000000E+00
a2,tax2,-1.221140E+02,3.811300E+01,1.850706E+02,1.683683E+03,2.161585E+03,3.701413E-03,3.953648E+02,1.400000E+00,1.400000E+00,1.400000E+00,0.000000E+00,1.400000E+00
a5,tax1,-1.220000E+02,3.791000E+01,1.005286E+02,6.031860E+02,9.047789E+02,2.010572E-03,2.556803E+01,1.400000E+00,1.400000E+00,1.400000E+00,0.000000E+00,1.555556E-01
a4,tax3,-1.220000E+02,3.800000E+01,1.371390E+02,1.016267E+03,1.887976E+03,2.742780E-03,1.845797E+02,1.400000E+00,1.400000E+00,1.400000E+00,0.000000E+00,1.050000E+00
a1,tax1,-1.220000E+02,3.811300E+01,8.504589E+02,4.551345E+03,8.416018E+03,1.700918E-02,4.146849E+03,1.400000E+00,1.400000E+00,1.400000E+00,0.000000E+00,1.400000E+00
a6,tax2,-1.220000E+02,3.822500E+01,1.546856E+02,2.835739E+03,3.333028E+03,3.093712E-03,3.042012E+02,1.400000E+00,1.400000E+00,1.400000E+00,0.000000E+00,1.400000E+00
a7,tax1,-1.218860E+02,3.811300E+01,1.605775E+02,1.107734E+03,1.452740E+03,3.211549E-03,5.704084E+02,1.400000E+00,1.400000E+00,1.400000E+00,0.000000E+00,1.050000E+00
