asset_ref,taxonomy,lon,lat,business_interruption,contents,nonstructural,occupants,structural,business_interruption_ins,contents_ins,nonstructural_ins,occupants_ins,structural_ins
a3,tax1,-1.225700E+02,3.811300E+01,7.115166E+01,4.078895E+02,6.118343E+02,1.423033E-03,1.156723E+02,1.400000E+00,1.400000E+00,1.400000E+00,0.000000E+00,6.066667E-01
a2,tax2,-1.221140E+02,3.811300E+01,1.498564E+03,1.498533E+04,2.145928E+04,2.997128E-02,1.451469E+03,3.500002E+01,3.188890E+01,3.188890E+01,0.000000E+00,4.200000E+00
a5,tax1,-1.220000E+02,3.791000E+01,6.174747E+02,3.219226E+03,4.828840E+03,1.234949E-02,2.935420E+02,1.890000E+01,1.890000E+01,1.890000E+01,0.000000E+00,7.000000E-01
a4,tax3,-1.220000E+02,3.800000E+01,1.224088E+03,5.158669E+03,1.091359E+04,2.448175E-02,6.971378E+02,3.325001E+01,2.975000E+01,3.465002E+01,0.000000E+00,1.400000E+00
a1,tax1,-1.220000E+02,3.811300E+01,2.660006E+03,1.631907E+04,2.372594E+04,5.320011E-02,7.964481E+03,3.188890E+01,3.188890E+01,3.188890E+01,0.000000E+00,2.255556E+01
a6,tax2,-1.220000E+02,3.822500E+01,1.310632E+03,1.090756E+04,1.595388E+04,2.621264E-02,1.060029E+03,3.325001E+01,3.535001E+01,3.535002E+01,0.000000E+00,3.500000E+00
a7,tax1,-1.218860E+02,3.811300E+01,1.528183E+03,8.493644E+03,1.274046E+04,3.056365E-02,1.186465E+03,3.535001E+01,3.535001E+01,3.535002E+01,0.000000E+00,5.950000E+00
