=== ===================== ========== ============= ========== ========== ========================= ============ ================= ============= ==============
rlz business_interruption contents   nonstructural occupants  structural business_interruption_ins contents_ins nonstructural_ins occupants_ins structural_ins
=== ===================== ========== ============= ========== ========== ========================= ============ ================= ============= ==============
0   2.3844E+04            1.5933E+05 2.4505E+05    4.7689E-01 3.4820E+04 4.3610E+02                4.3050E+02   4.3680E+02        0.0000E+00    1.2320E+02    
1   1.9794E+04            1.3537E+05 1.9723E+05    3.9587E-01 3.2442E+04 3.8430E+02                3.8290E+02   3.9270E+02        0.0000E+00    9.2400E+01    
2   2.3913E+04            1.6163E+05 2.4778E+05    4.7825E-01 3.6679E+04 4.3260E+02                4.2630E+02   4.3260E+02        0.0000E+00    1.2320E+02    
3   1.9567E+04            1.3562E+05 2.0059E+05    3.9135E-01 3.2375E+04 3.7800E+02                3.7590E+02   3.8710E+02        0.0000E+00    8.3300E+01    
4   4.3931E+03            2.5489E+04 3.9791E+04    8.7863E-02 1.6871E+04 1.9600E+01                1.9600E+01   1.9600E+01        0.0000E+00    1.2600E+01    
5   5.2131E+03            3.4555E+04 5.0172E+04    1.0426E-01 1.9736E+04 1.8900E+01                1.8900E+01   1.8900E+01        0.0000E+00    1.6100E+01    
=== ===================== ========== ============= ========== ========== ========================= ============ ================= ============= ==============