lon lat,PGA
0.00000 0.00000,4.6607505E-01 6.3400953E-02 2.9955045E-03
