<?xml version="1.0" encoding="utf-8"?>
<nrml
xmlns="http://openquake.org/xmlns/nrml/0.5"
xmlns:gml="http://www.opengis.net/gml"
>
    <collapseMap>
        <CMNode>
            <gml:Point>
                <gml:pos>
                    -122.00000 38.11300
                </gml:pos>
            </gml:Point>
            <cf assetRef="a1" mean="1.31310E-01" stdDev="1.43296E-01"/>
        </CMNode>
    </collapseMap>
</nrml>
