<?xml version="1.0" encoding="utf-8"?>
<nrml
xmlns="http://openquake.org/xmlns/nrml/0.5"
xmlns:gml="http://www.opengis.net/gml"
>
    <dmgDistPerTaxonomy>
        <damageStates>
            no_damage slight moderate extreme complete
        </damageStates>
        <DDNode>
            <taxonomy>
                Wood
            </taxonomy>
            <damage ds="no_damage" mean="3.2884723E-01" stddev="2.2884820E-01"/>
            <damage ds="slight" mean="3.0304328E-01" stddev="7.7658683E-02"/>
            <damage ds="moderate" mean="1.5466608E-01" stddev="6.4791054E-02"/>
            <damage ds="extreme" mean="8.2133226E-02" stddev="5.0665177E-02"/>
            <damage ds="complete" mean="1.3131016E-01" stddev="1.4329572E-01"/>
        </DDNode>
    </dmgDistPerTaxonomy>
</nrml>
