lon lat,PGA
0.00000 0.00000,9.6609321E-01 9.4206921E-01 9.0387574E-01 8.5431413E-01 7.9952267E-01
