<?xml version="1.0" encoding="utf-8"?>
<nrml
xmlns="http://openquake.org/xmlns/nrml/0.5"
xmlns:gml="http://www.opengis.net/gml"
>
    <lossCurves
    investigationTime="15.0"
    lossType="structural"
    riskInvestigationTime="15.0"
    statistics="mean"
    unit="EUR"
    >
        <lossCurve
        assetRef="a6"
        >
            <gml:Point>
                <gml:pos>
                    -78.168 15.5933
                </gml:pos>
            </gml:Point>
            <poEs>
                2.30644E-08 2.30644E-08 2.30644E-08 2.30644E-08 2.30644E-08 2.30644E-08 2.30644E-08 2.30644E-08 2.30644E-08 2.30644E-08 2.30644E-08 2.30644E-08 2.30644E-08 2.30644E-08 2.30644E-08 2.30644E-08 2.30644E-08 2.30644E-08 2.30644E-08 2.30642E-08 2.30638E-08 2.30631E-08 2.30613E-08 2.30565E-08 2.30462E-08 2.30313E-08 2.29478E-08 2.29200E-08 2.24173E-08 2.22557E-08 1.99010E-08 1.82333E-08 1.01755E-08
            </poEs>
            <losses>
                0.00000E+00 4.98090E+00 9.96180E+00 8.52979E+01 1.60634E+02 5.06807E+02 8.52979E+02 2.00232E+03 3.15166E+03 5.94595E+03 8.74023E+03 1.40542E+04 1.93682E+04 2.72630E+04 3.51577E+04 4.54837E+04 5.58097E+04 6.72789E+04 7.87480E+04 8.89682E+04 9.91884E+04 1.06330E+05 1.13471E+05 1.17229E+05 1.20987E+05 1.22378E+05 1.23769E+05 1.24097E+05 1.24425E+05 1.24472E+05 1.24519E+05 1.24521E+05 1.24522E+05
            </losses>
            <lossRatios>
                0.000 0.000 0.000 0.002 0.003 0.009 0.016 0.036 0.056 0.103 0.150 0.238 0.327 0.448 0.569 0.686 0.802 0.873 0.945 0.969 0.993 0.996 1.000 1.000 1.000
            </lossRatios>
            <averageLoss>
                2.87148E-03
            </averageLoss>
        </lossCurve>
        <lossCurve
        assetRef="a7"
        >
            <gml:Point>
                <gml:pos>
                    -78.1681 15.5933
                </gml:pos>
            </gml:Point>
            <poEs>
                3.34027E-11 3.34027E-11 3.34027E-11 3.34027E-11 3.34027E-11 3.34027E-11 3.34027E-11 3.34027E-11 3.34027E-11 3.34027E-11 3.34027E-11 3.34027E-11 3.34027E-11 3.34026E-11 3.34025E-11 3.34019E-11 3.34007E-11 3.33961E-11 3.33797E-11 3.33724E-11 3.31505E-11 3.30813E-11 3.10729E-11 3.03242E-11 1.52245E-11
            </poEs>
            <losses>
                0.00000E+00 3.94939E+00 7.89877E+00 5.13420E+01 9.47853E+01 3.07229E+02 5.19673E+02 1.17494E+03 1.83021E+03 3.37788E+03 4.92554E+03 7.84430E+03 1.07631E+04 1.47516E+04 1.87402E+04 2.25693E+04 2.63984E+04 2.87461E+04 3.10938E+04 3.18822E+04 3.26706E+04 3.27865E+04 3.29023E+04 3.29069E+04 3.29116E+04
            </losses>
            <lossRatios>
                0.000 0.000 0.000 0.002 0.003 0.009 0.016 0.036 0.056 0.103 0.150 0.238 0.327 0.448 0.569 0.686 0.802 0.873 0.945 0.969 0.993 0.996 1.000 1.000 1.000
            </lossRatios>
            <averageLoss>
                1.09890E-06
            </averageLoss>
        </lossCurve>
    </lossCurves>
</nrml>
