asset_ref,taxonomy,lon,lat,occupants-mean,occupants-stddev
a1,RM,8.129850E+01,2.910980E+01,3.994571E-01,1.430607E-01
a2,RC,8.308230E+01,2.790060E+01,9.882545E-01,2.162177E-01
a3,W,8.574770E+01,2.790150E+01,1.055168E+00,5.292749E-01
