<?xml version="1.0" encoding="utf-8"?>
<nrml
xmlns="http://openquake.org/xmlns/nrml/0.5"
xmlns:gml="http://www.opengis.net/gml"
>
    <collapseMap>
        <CMNode>
            <gml:Point>
                <gml:pos>
                    81.29850 29.10980
                </gml:pos>
            </gml:Point>
            <cf assetRef="a1" mean="6.49861E-01" stdDev="1.33902E+00"/>
        </CMNode>
        <CMNode>
            <gml:Point>
                <gml:pos>
                    83.08230 27.90060
                </gml:pos>
            </gml:Point>
            <cf assetRef="a2" mean="3.03962E+02" stdDev="3.57169E+02"/>
        </CMNode>
        <CMNode>
            <gml:Point>
                <gml:pos>
                    85.74770 27.90150
                </gml:pos>
            </gml:Point>
            <cf assetRef="a3" mean="3.17046E+02" stdDev="4.15266E+02"/>
        </CMNode>
    </collapseMap>
</nrml>
