LossType,Unit,Mean,Standard Deviation
structural,USD,3.3000000E+02,1.3769752E+03
