lon lat,PGA
0.00000 0.00000,4.9875208E-03 1.6652785E-03 0.0000000E+00 0.0000000E+00
