<?xml version="1.0" encoding="utf-8"?>
<nrml
xmlns="http://openquake.org/xmlns/nrml/0.5"
xmlns:gml="http://www.opengis.net/gml"
>
    <totalDmgDist>
        <damageStates>
            no_damage slight moderate extreme complete
        </damageStates>
        <damage ds="no_damage" mean="4.9066526E-01" stddev="4.0176341E-01"/>
        <damage ds="slight" mean="3.2498819E-01" stddev="2.5434855E-01"/>
        <damage ds="moderate" mean="7.0849165E-02" stddev="9.0181805E-02"/>
        <damage ds="extreme" mean="2.1133421E-02" stddev="3.1731185E-02"/>
        <damage ds="complete" mean="9.2363961E-02" stddev="1.3021585E-01"/>
    </totalDmgDist>
</nrml>
