<?xml version="1.0" encoding="utf-8"?>
<nrml
xmlns="http://openquake.org/xmlns/nrml/0.5"
xmlns:gml="http://www.opengis.net/gml"
>
    <lossCurves
    gsimTreePath="b1"
    investigationTime="50.0"
    lossType="structural"
    riskInvestigationTime="50.0"
    sourceModelTreePath="b_1"
    unit="USD"
    >
        <lossCurve
        assetRef="a1"
        >
            <gml:Point>
                <gml:pos>
                    1.0 1.0
                </gml:pos>
            </gml:Point>
            <poEs>
                3.93348E-02 3.93196E-02 3.84541E-02 3.53556E-02 3.10809E-02 2.69220E-02 2.33092E-02 2.02549E-02 1.76926E-02 1.55616E-02 1.38045E-02 1.11600E-02 9.27278E-03 7.80386E-03 6.60105E-03 5.62105E-03 4.26295E-03 3.47810E-03 2.91643E-03 2.37546E-03 1.85477E-03 1.13319E-03 8.62358E-04 7.84269E-04 6.60062E-04 3.74939E-04 2.30249E-04 1.22824E-04 5.72790E-05 2.35807E-05 8.66392E-06
            </poEs>
            <losses>
                0.00000E+00 2.00000E-02 4.00000E-02 6.00000E-02 8.00000E-02 1.00000E-01 1.20000E-01 1.40000E-01 1.60000E-01 1.80000E-01 2.00000E-01 2.40000E-01 2.80000E-01 3.20000E-01 3.60000E-01 4.00000E-01 4.80000E-01 5.60000E-01 6.40000E-01 7.20000E-01 8.00000E-01 9.60000E-01 1.12000E+00 1.28000E+00 1.44000E+00 1.60000E+00 1.68000E+00 1.76000E+00 1.84000E+00 1.92000E+00 2.00000E+00
            </losses>
            <lossRatios>
                0.000 0.010 0.020 0.030 0.040 0.050 0.060 0.070 0.080 0.090 0.100 0.120 0.140 0.160 0.180 0.200 0.240 0.280 0.320 0.360 0.400 0.480 0.560 0.640 0.720 0.800 0.840 0.880 0.920 0.960 1.000
            </lossRatios>
            <averageLoss>
                9.39290E-03
            </averageLoss>
        </lossCurve>
    </lossCurves>
</nrml>
