event_tag,loss
trt=09~ses=0001~src=FSBG_TRBG103~rup=1298560-01,6.036932E+04
