asset_ref,taxonomy,lon,lat,contents,nonstructural,occupants,structural
a0,RM,8.129850E+01,2.910980E+01,5.198952E+01,6.544284E+01,3.150931E-01,2.755016E+02
a1,RC,8.308230E+01,2.790060E+01,6.853375E+01,5.452105E+01,3.494795E-01,6.242756E+01
a2,W,8.574770E+01,2.790150E+01,2.071398E+01,9.895664E+00,1.556860E-01,8.891778E+01
a3,RM,8.574770E+01,2.790150E+01,4.771522E+01,5.145058E+01,0.000000E+00,2.281897E+02
